// Jest Snapshot v1, https://goo.gl/fbAQLP

exports[`AppComponent Debe haber maatch con snapshop 1`] = `
<div
  id="root3"
>
  <h1>
    13-angular-testing
  </h1>
</div>
`;
